
> fintech-hackathon@0.1.0 build
> next build

Γû▓ Next.js 16.1.6 (Turbopack)
- Environments: .env.local

  Creating an optimized production build ...
Γ£ô Compiled successfully in 3.0s
  Running TypeScript ...
node.exe : Failed to compile.
At line:1 char:1
+ & "C:\Program Files\nodejs/node.exe" "C:\Program Files\nodejs/node_mo ...
+ ~~~~~~~~~~~~~~~~~~~~~~~~~~~~~~~~~~~~~~~~~~~~~~~~~~~~~~~~~~~~~~~~~~~~~
    + CategoryInfo          : NotSpecified: (Failed to compile.:String) [], Re 
   moteException
    + FullyQualifiedErrorId : NativeCommandError
 

./app/actions/portfolio.ts:182:40
Type error: Argument of type '{}' is not assignable to parameter of type 
'string'.

[0m [90m 180 |[39m     grouped[norm][33m.[39mvalue [33m+=[39m 
p[33m.[39mcurrent_value [33m?[39m[33m?[39m [35m0[39m[33m;[39m
 [90m 181 |[39m     [36mconst[39m src [33m=[39m 
accountMap[33m.[39m[36mget[39m(p[33m.[39minvestment_account_id 
[33m?[39m[33m?[39m [32m""[39m)[33m;[39m
[31m[1m>[22m[39m[90m 182 |[39m     [36mif[39m (src) 
grouped[norm][33m.[39msources[33m.[39madd(src)[33m;[39m
 [90m     |[39m                                        [31m[1m^[22m[39m
 [90m 183 |[39m   }
 [90m 184 |[39m   [36mfor[39m ([36mconst[39m [typeKey[33m,[39m { 
value[33m,[39m sources }] [36mof[39m 
[33mObject[39m[33m.[39mentries(grouped)) {
 [90m 185 |[39m     breakdown[33m.[39mpush({[0m
Next.js build worker exited with code: 1 and signal: null
